[www.securecomputation.org/index.html]
[backblue.gif]
[fade.gif]
[index.html]
[www.securecomputation.org/feed/atom]
[www.securecomputation.org/feed]
[www.securecomputation.org/xmlrpc.php]
[www.securecomputation.org/comments/feed.3.delayed]
[www.securecomputation.org/wp-content/themes/Quadro/style-Green.css]
[www.securecomputation.org/wp-content/themes/Quadro/epanel/page_templates/js/fancybox/jquery.fancybox-1.3.4.css]
[www.securecomputation.org/wp-content/themes/Quadro/epanel/page_templates/page_templates.css]
[www.securecomputation.org/wp-content/themes/Quadro/epanel/shortcodes/shortcodes4b1d.css]
[www.securecomputation.org/wp-includes/js/l10na17a.js]
[www.securecomputation.org/wp-includes/js/jquery/jquery51a2.js]
[www.securecomputation.org/wp-content/themes/Quadro/epanel/shortcodes/js/et_shortcodes_frontend4b1d.js]
[www.securecomputation.org/xmlrpc0db0.php]
[www.securecomputation.org/wp-includes/wlwmanifest.xml]
[www.securecomputation.org/logo/just-circle.png]
[www.securecomputation.org/wp-content/uploads/2011/08/logo-fit-medium.png]
[www.securecomputation.org/logo/searchButton.gif]
[www.securecomputation.org/papers.html]
[www.securecomputation.org/projects.html]
[www.securecomputation.org/team.html]
[www.securecomputation.org/wp-content/uploads/2011/08/just-circle-75316_159x212.png]
[www.securecomputation.org/2011/practical-secure-two-party-computation-techniques-tools-and-applications.html]
[www.securecomputation.org/2016/secure-computation-in-the-mips-machine.html]
[www.securecomputation.org/2016/the-cut-and-choose-game-and-its-application-to-cryptographic-protocols.html]
[www.securecomputation.org/2016/square-root-oram.html]
[www.securecomputation.org/2015/two-halves-make-a-whole.html]
[www.securecomputation.org/2015/idash-competition-winner.html]
[www.securecomputation.org/2015/congratulations-professor-huang.html]
[www.securecomputation.org/2013/symmetric-cut-and-choose.html]
[www.securecomputation.org/2013/circuit-structures.html]
[www.securecomputation.org/logo/nsf-small.jpg]
[www.securecomputation.org/page/2.html]
[www.securecomputation.org/logo/uva-wide-small.png]
[www.securecomputation.org/logo/iub_white.gif]
[www.securecomputation.org/logo/umd-logo-small.jpg]
[www.securecomputation.org/wp-loginc94b.html]
[www.securecomputation.org/wp-login.html]
[www.securecomputation.org/kickoff-meeting.html]
[www.securecomputation.org/wp-content/themes/Quadro/js/idtabs.js]
[www.securecomputation.org/wp-content/themes/Quadro/js/superfish.js]
[www.securecomputation.org/wp-content/themes/Quadro/epanel/page_templates/js/fancybox/jquery.easing-1.3.packc412.js]
[www.securecomputation.org/wp-content/themes/Quadro/epanel/page_templates/js/fancybox/jquery.fancybox-1.3.4.packc412.js]
[www.securecomputation.org/wp-content/themes/Quadro/epanel/page_templates/js/et-ptemplates-frontend4963.js]
[www.securecomputation.org/index.html]
[www.securecomputation.org/comments/feed]
[www.securecomputation.org/wp-content/themes/Quadro/images/bullet.gif]
[www.securecomputation.org/wp-content/themes/Quadro/images/read-more-Green.gif]
[www.securecomputation.org/wp-content/themes/Quadro/images/comment-bg.gif]
[www.securecomputation.org/wp-content/themes/Quadro/images/comment-bottom.gif]
[www.securecomputation.org/wp-content/themes/Quadro/images/comment-top.gif]
[www.securecomputation.org/wp-content/themes/Quadro/images/comment-children-bg.gif]
[www.securecomputation.org/wp-content/themes/Quadro/images/comment-children-top.gif]
[www.securecomputation.org/wp-content/themes/Quadro/images/reply.gif]
[www.securecomputation.org/wp-content/themes/Quadro/images/comment-close.gif]
[www.securecomputation.org/wp-content/themes/Quadro/images/comment-email.gif]
[www.securecomputation.org/wp-content/themes/Quadro/images/comment-author.gif]
[www.securecomputation.org/wp-content/themes/Quadro/images/comment-website.gif]
[www.securecomputation.org/wp-content/themes/Quadro/images/dropdown-categories-top.gif]
[www.securecomputation.org/wp-content/themes/Quadro/style-Green.css]
[www.securecomputation.org/wp-content/themes/Quadro/epanel/page_templates/js/fancybox/images/fancybox.png]
[www.securecomputation.org/wp-content/themes/Quadro/epanel/page_templates/js/fancybox/images/blank.gif]
[www.securecomputation.org/wp-content/themes/Quadro/epanel/page_templates/js/fancybox/images/fancybox-x.png]
[www.securecomputation.org/wp-content/themes/Quadro/epanel/page_templates/js/fancybox/images/fancybox-y.png]
[www.securecomputation.org/wp-content/themes/Quadro/epanel/page_templates/js/fancybox/images/fancy_title_over.png]
[www.securecomputation.org/wp-content/themes/Quadro/epanel/page_templates/js/fancybox/images/fancy_close.png]
[www.securecomputation.org/wp-content/themes/Quadro/epanel/page_templates/js/fancybox/images/fancy_nav_left.png]
[www.securecomputation.org/wp-content/themes/Quadro/epanel/page_templates/js/fancybox/images/fancy_nav_right.png]
[www.securecomputation.org/wp-content/themes/Quadro/epanel/page_templates/js/fancybox/images/fancy_title_left.png]
[www.securecomputation.org/wp-content/themes/Quadro/epanel/page_templates/js/fancybox/images/fancy_title_main.png]
[www.securecomputation.org/wp-content/themes/Quadro/epanel/page_templates/js/fancybox/images/fancy_title_right.png]
[www.securecomputation.org/wp-content/themes/Quadro/epanel/page_templates/js/fancybox/images/fancy_loading.png]
[www.securecomputation.org/wp-content/themes/Quadro/epanel/page_templates/js/fancybox/images/fancy_shadow_n.png]
[www.securecomputation.org/wp-content/themes/Quadro/epanel/page_templates/js/fancybox/images/fancy_shadow_ne.png]
[www.securecomputation.org/wp-content/themes/Quadro/epanel/page_templates/js/fancybox/images/fancy_shadow_e.png]
[www.securecomputation.org/wp-content/themes/Quadro/epanel/page_templates/js/fancybox/images/fancy_shadow_se.png]
[www.securecomputation.org/wp-content/themes/Quadro/epanel/page_templates/js/fancybox/images/fancy_shadow_s.png]
[www.securecomputation.org/wp-content/themes/Quadro/epanel/page_templates/js/fancybox/images/fancy_shadow_sw.png]
[www.securecomputation.org/wp-content/themes/Quadro/epanel/page_templates/js/fancybox/images/fancy_shadow_w.png]
[www.securecomputation.org/wp-content/themes/Quadro/epanel/page_templates/js/fancybox/images/fancy_shadow_nw.png]
[www.securecomputation.org/wp-content/themes/Quadro/epanel/page_templates/js/fancybox/jquery.fancybox-1.3.4.css]
[www.securecomputation.org/wp-content/themes/Quadro/epanel/page_templates/images/sitemap-page.png]
[www.securecomputation.org/wp-content/themes/Quadro/epanel/page_templates/images/sitemap-category.png]
[www.securecomputation.org/wp-content/themes/Quadro/epanel/page_templates/images/sitemap-tag.png]
[www.securecomputation.org/wp-content/themes/Quadro/epanel/page_templates/images/sitemap-author.png]
[www.securecomputation.org/wp-content/themes/Quadro/epanel/page_templates/images/blog-image-overlay.png]
[www.securecomputation.org/wp-content/themes/Quadro/epanel/page_templates/images/blog-readmore.png]
[www.securecomputation.org/wp-content/themes/Quadro/epanel/page_templates/images/item-bottom-shadow.png]
[www.securecomputation.org/wp-content/themes/Quadro/epanel/page_templates/images/item-overlay.png]
[www.securecomputation.org/wp-content/themes/Quadro/epanel/page_templates/images/zoom-icon.png]
[www.securecomputation.org/wp-content/themes/Quadro/epanel/page_templates/images/readmore-icon.png]
[www.securecomputation.org/wp-content/themes/Quadro/epanel/page_templates/images/contact_input.png]
[www.securecomputation.org/wp-content/themes/Quadro/epanel/page_templates/images/contact_submit.png]
[www.securecomputation.org/wp-content/themes/Quadro/epanel/page_templates/images/contact_reset.png]
[www.securecomputation.org/wp-content/themes/Quadro/epanel/page_templates/images/et_search_bg.png]
[www.securecomputation.org/wp-content/themes/Quadro/epanel/page_templates/images/et_search_bottom.png]
[www.securecomputation.org/wp-content/themes/Quadro/epanel/page_templates/images/et_search_icon.png]
[www.securecomputation.org/wp-content/themes/Quadro/epanel/page_templates/images/et-searchinput.png]
[www.securecomputation.org/wp-content/themes/Quadro/epanel/page_templates/images/et_search_submit.png]
[www.securecomputation.org/wp-content/themes/Quadro/epanel/page_templates/images/portfolio-more-icon.png]
[www.securecomputation.org/wp-content/themes/Quadro/epanel/page_templates/images/portfolio-zoom-icon.png]
[www.securecomputation.org/wp-content/themes/Quadro/epanel/page_templates/images/portfolio-video-icon.png]
[www.securecomputation.org/wp-content/themes/Quadro/epanel/page_templates/images/gallery-overlay.png]
[www.securecomputation.org/wp-content/themes/Quadro/epanel/page_templates/page_templates.css]
[www.securecomputation.org/wp-content/themes/Quadro/epanel/shortcodes/images/et-info.png]
[www.securecomputation.org/wp-content/themes/Quadro/epanel/shortcodes/images/et-warning.png]
[www.securecomputation.org/wp-content/themes/Quadro/epanel/shortcodes/images/et-download.png]
[www.securecomputation.org/wp-content/themes/Quadro/epanel/shortcodes/images/et-bio.png]
[www.securecomputation.org/wp-content/themes/Quadro/epanel/shortcodes/images/et-tooltip-arrow.png]
[www.securecomputation.org/wp-content/themes/Quadro/epanel/shortcodes/images/et-learn-more-bg.png]
[www.securecomputation.org/wp-content/themes/Quadro/epanel/shortcodes/images/et-learn-more-closed.png]
[www.securecomputation.org/wp-content/themes/Quadro/epanel/shortcodes/images/et-learn-more-opened.png]
[www.securecomputation.org/wp-content/themes/Quadro/epanel/shortcodes/images/et-slider-left.png]
[www.securecomputation.org/wp-content/themes/Quadro/epanel/shortcodes/images/et-slider-right.png]
[www.securecomputation.org/wp-content/themes/Quadro/epanel/shortcodes/images/small-button-blue.png]
[www.securecomputation.org/wp-content/themes/Quadro/epanel/shortcodes/images/small-button-lightblue.png]
[www.securecomputation.org/wp-content/themes/Quadro/epanel/shortcodes/images/small-button-teal.png]
[www.securecomputation.org/wp-content/themes/Quadro/epanel/shortcodes/images/small-button-green.png]
[www.securecomputation.org/wp-content/themes/Quadro/epanel/shortcodes/images/small-button-orange.png]
[www.securecomputation.org/wp-content/themes/Quadro/epanel/shortcodes/images/small-button-silver.png]
[www.securecomputation.org/wp-content/themes/Quadro/epanel/shortcodes/images/small-button-black.png]
[www.securecomputation.org/wp-content/themes/Quadro/epanel/shortcodes/images/small-button-red.png]
[www.securecomputation.org/wp-content/themes/Quadro/epanel/shortcodes/images/small-button-purple.png]
[www.securecomputation.org/wp-content/themes/Quadro/epanel/shortcodes/images/small-button-pink.png]
[www.securecomputation.org/wp-content/themes/Quadro/epanel/shortcodes/images/big-button-blue.png]
[www.securecomputation.org/wp-content/themes/Quadro/epanel/shortcodes/images/big-button-purple.png]
[www.securecomputation.org/wp-content/themes/Quadro/epanel/shortcodes/images/big-button-red.png]
[www.securecomputation.org/wp-content/themes/Quadro/epanel/shortcodes/images/big-button-orange.png]
[www.securecomputation.org/wp-content/themes/Quadro/epanel/shortcodes/images/big-button-green.png]
[www.securecomputation.org/wp-content/themes/Quadro/epanel/shortcodes/images/big-button-turquoise.png]
[www.securecomputation.org/wp-content/themes/Quadro/epanel/shortcodes/images/icon-button-bg-sprite.png]
[www.securecomputation.org/wp-content/themes/Quadro/epanel/shortcodes/images/download-icon.png]
[www.securecomputation.org/wp-content/themes/Quadro/epanel/shortcodes/images/search-icon.png]
[www.securecomputation.org/wp-content/themes/Quadro/epanel/shortcodes/images/refresh-icon.png]
[www.securecomputation.org/wp-content/themes/Quadro/epanel/shortcodes/images/question-icon.png]
[www.securecomputation.org/wp-content/themes/Quadro/epanel/shortcodes/images/people-icon.png]
[www.securecomputation.org/wp-content/themes/Quadro/epanel/shortcodes/images/warning-icon.png]
[www.securecomputation.org/wp-content/themes/Quadro/epanel/shortcodes/images/mail-icon.png]
[www.securecomputation.org/wp-content/themes/Quadro/epanel/shortcodes/images/heart-icon.png]
[www.securecomputation.org/wp-content/themes/Quadro/epanel/shortcodes/images/paper-icon.png]
[www.securecomputation.org/wp-content/themes/Quadro/epanel/shortcodes/images/notice-icon.png]
[www.securecomputation.org/wp-content/themes/Quadro/epanel/shortcodes/images/stats-icon.png]
[www.securecomputation.org/wp-content/themes/Quadro/epanel/shortcodes/images/rss-icon.png]
[www.securecomputation.org/wp-content/themes/Quadro/epanel/shortcodes/images/tabs-container-bg.png]
[www.securecomputation.org/wp-content/themes/Quadro/epanel/shortcodes/images/et-tabs-control.png]
[www.securecomputation.org/wp-content/themes/Quadro/epanel/shortcodes/images/et-tabs-control-active.png]
[www.securecomputation.org/wp-content/themes/Quadro/epanel/shortcodes/images/left-links-bg.png]
[www.securecomputation.org/wp-content/themes/Quadro/epanel/shortcodes/images/tabs-left-link-active.png]
[www.securecomputation.org/wp-content/themes/Quadro/epanel/shortcodes/images/tabs-left-link-bottombg.png]
[www.securecomputation.org/wp-content/themes/Quadro/epanel/shortcodes/images/author-shortcodes-topbg.png]
[www.securecomputation.org/wp-content/themes/Quadro/epanel/shortcodes/images/author-bg.png]
[www.securecomputation.org/wp-content/themes/Quadro/epanel/shortcodes/images/author-overlay-bg.png]
[www.securecomputation.org/wp-content/themes/Quadro/epanel/shortcodes/images/password-protected-bg.png]
[www.securecomputation.org/wp-content/themes/Quadro/epanel/shortcodes/images/protected-input-bg.png]
[www.securecomputation.org/wp-content/themes/Quadro/epanel/shortcodes/images/protected-login-bg.png]
[www.securecomputation.org/wp-content/themes/Quadro/epanel/shortcodes/images/et-image-sliderleft-shadow.png]
[www.securecomputation.org/wp-content/themes/Quadro/epanel/shortcodes/images/et-image-sliderright-shadow.png]
[www.securecomputation.org/wp-content/themes/Quadro/epanel/shortcodes/images/et-image-overlay.png]
[www.securecomputation.org/wp-content/themes/Quadro/epanel/shortcodes/images/featured-controllers-left.png]
[www.securecomputation.org/wp-content/themes/Quadro/epanel/shortcodes/images/featured-controllers-bg.png]
[www.securecomputation.org/wp-content/themes/Quadro/epanel/shortcodes/images/featured-controllers-right.png]
[www.securecomputation.org/wp-content/themes/Quadro/epanel/shortcodes/images/featured-controller.png]
[www.securecomputation.org/wp-content/themes/Quadro/epanel/shortcodes/images/featured-controller-active.png]
[www.securecomputation.org/wp-content/themes/Quadro/epanel/shortcodes/images/featured-controllers-leftarrow.png]
[www.securecomputation.org/wp-content/themes/Quadro/epanel/shortcodes/images/featured-controllers-rightarrow.png]
[www.securecomputation.org/wp-content/themes/Quadro/epanel/shortcodes/images/list-checkmark.png]
[www.securecomputation.org/wp-content/themes/Quadro/epanel/shortcodes/images/list-x.png]
[www.securecomputation.org/wp-content/themes/Quadro/epanel/shortcodes/images/list-dot.png]
[www.securecomputation.org/wp-content/themes/Quadro/epanel/shortcodes/images/pricing-content-bottom.png]
[www.securecomputation.org/wp-content/themes/Quadro/epanel/shortcodes/images/pricing-header-blue.png]
[www.securecomputation.org/wp-content/themes/Quadro/epanel/shortcodes/images/pricing-content-bg.png]
[www.securecomputation.org/wp-content/themes/Quadro/epanel/shortcodes/images/pricing-content-top.png]
[www.securecomputation.org/wp-content/themes/Quadro/epanel/shortcodes/images/pricing-separator.png]
[www.securecomputation.org/wp-content/themes/Quadro/epanel/shortcodes/images/pricing-price-glow.png]
[www.securecomputation.org/wp-content/themes/Quadro/epanel/shortcodes/images/join-button.png]
[www.securecomputation.org/wp-content/themes/Quadro/epanel/shortcodes/images/pricing-big-bottom.png]
[www.securecomputation.org/wp-content/themes/Quadro/epanel/shortcodes/images/pricing-header-green.png]
[www.securecomputation.org/wp-content/themes/Quadro/epanel/shortcodes/images/pricing-big-content.png]
[www.securecomputation.org/wp-content/themes/Quadro/epanel/shortcodes/images/pricing-big-content-top.png]
[www.securecomputation.org/wp-content/themes/Quadro/epanel/shortcodes/images/testimonial-bg.png]
[www.securecomputation.org/wp-content/themes/Quadro/epanel/shortcodes/images/testimonial-quotes.png]
[www.securecomputation.org/wp-content/themes/Quadro/epanel/shortcodes/images/testimonial-separator.png]
[www.securecomputation.org/wp-content/themes/Quadro/epanel/shortcodes/images/testimonial-bottom-arrow.png]
[www.securecomputation.org/wp-content/themes/Quadro/epanel/shortcodes/images/testimonial-bottom-shadow.png]
[www.securecomputation.org/wp-content/themes/Quadro/epanel/shortcodes/images/left-quotes-big.png]
[www.securecomputation.org/wp-content/themes/Quadro/epanel/shortcodes/images/left-quotes-small.png]
[www.securecomputation.org/wp-content/themes/Quadro/epanel/shortcodes/images/right-quotes-small.png]
[www.securecomputation.org/wp-content/themes/Quadro/epanel/shortcodes/shortcodes4b1d.css]
[www.securecomputation.org/wp-includes/js/l10na17a.js]
[www.securecomputation.org/wp-includes/js/jquery/jquery51a2.js]
[www.securecomputation.org/wp-content/themes/Quadro/epanel/shortcodes/js/et_shortcodes_frontend4b1d.js]
[www.securecomputation.org/papers/feed]
[www.securecomputation.org/wp-includes/js/comment-replya6d7.js]
[www.securecomputation.org/wp-login2de2.html]
[www.securecomputation.org/docs/sqoram.pdf]
[www.securecomputation.org/secure-biometrics/ndss2011.pdf]
[www.securecomputation.org/papers.html]
[www.securecomputation.org/wp-loginc89b.html]
[www.securecomputation.org/projects/feed]
[www.securecomputation.org/projects.html]
[www.securecomputation.org/wp-login9a58.html]
[www.securecomputation.org/team/feed]
[www.securecomputation.org/pictures/mwh07-scaled.jpg]
[www.securecomputation.org/wp-content/uploads/2011/08/shelat-abhi.jpg]
[www.securecomputation.org/wp-content/uploads/2011/09/IMG_1527.png]
[www.securecomputation.org/wp-content/uploads/2011/09/IMG_1527-1024x705.png]
[www.securecomputation.org/team.html]
[www.securecomputation.org/wp-loginb7c1.html]
[www.securecomputation.org/2011/practical-secure-two-party-computation-techniques-tools-and-applications/feed]
[www.securecomputation.org/2011/faster-secure-two-party-computation-using-garbled-circuits.html]
[www.securecomputation.org/2011/smc-on-smartphones.html]
[www.securecomputation.org/author/admin.html]
[www.securecomputation.org/category/top.html]
[www.securecomputation.org/wp-content/uploads/2011/08/just-circle-75316_100x100.png]
[www.securecomputation.org/2011/practical-secure-two-party-computation-techniques-tools-and-applications.html]
[www.securecomputation.org/2016/secure-computation-in-the-mips-machine.html]
[www.securecomputation.org/category/papers.html]
[www.securecomputation.org/2016/the-cut-and-choose-game-and-its-application-to-cryptographic-protocols.html]
[www.securecomputation.org/2016/square-root-oram.html]
[www.securecomputation.org/category/software.html]
[www.securecomputation.org/2015/two-halves-make-a-whole.html]
[www.securecomputation.org/category/meetings.html]
[www.securecomputation.org/2015/idash-competition-winner.html]
[www.securecomputation.org/category/awards.html]
[www.securecomputation.org/category/news.html]
[www.securecomputation.org/category/notes.html]
[www.securecomputation.org/images/Huang-Yan-2014-09.jpg]
[www.securecomputation.org/2015/congratulations-professor-huang.html]
[www.securecomputation.org/2013/symmetric-cut-and-choose.html]
[www.securecomputation.org/2013/symmetric-cut-and-choose/feed]
[www.securecomputation.org/2013/circuit-structures/feed]
[www.securecomputation.org/2013/circuit-structures.html]
[www.securecomputation.org/2012/quid-pro-quo-tocols.html]
[www.securecomputation.org/2011/private-set-intersection.html]
[www.securecomputation.org/2011/efficient-secure-computation-with-garbled-circuits.html]
[www.securecomputation.org/2011/uva-today-story.html]
[www.securecomputation.org/2011/kick-off-meeting.html]
[www.securecomputation.org/2011/kickoff-meeting.html]
[www.securecomputation.org/2011/garbled-circuits-framework.html]
[www.securecomputation.org/page/2.html]
[www.securecomputation.org/page/3.html]
[www.securecomputation.org/kickoff/index.html]
[www.securecomputation.org/wp-admin/css/login0696.css]
[www.securecomputation.org/wp-loginc94b.html]
[www.securecomputation.org/wp-login.html]
[www.securecomputation.org/wp-admin/css/colors-freshb586.css]
[www.securecomputation.org/index8ce2.html]
[www.securecomputation.org/wp-loginb53a.html]
[www.securecomputation.org/pictures/wilsdorfmap.png]
[www.securecomputation.org/kickoff-meeting/feed]
[www.securecomputation.org/wp-login83da.html]
[www.securecomputation.org/kickoff-meeting.html]
[www.securecomputation.org/wp-content/themes/Quadro/js/idtabs.js]
[www.securecomputation.org/wp-content/themes/Quadro/js/superfish.js]
[www.securecomputation.org/wp-content/themes/Quadro/epanel/page_templates/js/fancybox/jquery.easing-1.3.packc412.js]
[www.securecomputation.org/wp-content/themes/Quadro/epanel/page_templates/js/fancybox/jquery.fancybox-1.3.4.packc412.js]
[www.securecomputation.org/wp-content/themes/Quadro/epanel/page_templates/js/et-ptemplates-frontend4963.js]
[www.securecomputation.org/wp-includes/js/comment-replya6d7.js]
[www.securecomputation.org/wp-login2de2.html]
[www.securecomputation.org/docs/sqoram.html]
[www.securecomputation.org/secure-biometrics/ndss2011.html]
[www.securecomputation.org/wp-loginc89b.html]
[www.securecomputation.org/wp-login9a58.html]
[www.securecomputation.org/wp-loginb7c1.html]
[www.securecomputation.org/2011/faster-secure-two-party-computation-using-garbled-circuits/feed]
[www.securecomputation.org/2011/faster-secure-two-party-computation-using-garbled-circuits.html]
[www.securecomputation.org/category/talks.html]
[www.securecomputation.org/2011/smc-on-smartphones.html]
[www.securecomputation.org/index0735.html]
[www.securecomputation.org/2011/smc-on-smartphones/feed]
[www.securecomputation.org/author/admin/feed]
[www.securecomputation.org/author/admin.html]
[www.securecomputation.org/author/admin/page/2.html]
[www.securecomputation.org/category/top/feed]
[www.securecomputation.org/wp-content/uploads/2011/08/just-circle-75316_263x108.png]
[www.securecomputation.org/category/top.html]
[www.securecomputation.org/indexada0.html]
[www.securecomputation.org/category/papers.html]
[www.securecomputation.org/index17d5.html]
[www.securecomputation.org/category/papers/page/2.html]
[www.securecomputation.org/category/papers/feed]
[www.securecomputation.org/category/software.html]
[www.securecomputation.org/indexd7d8.html]
[www.securecomputation.org/index2fa7.html]
[www.securecomputation.org/category/software/feed]
[www.securecomputation.org/category/meetings.html]
[www.securecomputation.org/indexbe3b.html]
[www.securecomputation.org/category/meetings/feed]
[www.securecomputation.org/category/awards.html]
[www.securecomputation.org/index8bc8.html]
[www.securecomputation.org/category/awards/feed]
[www.securecomputation.org/category/news.html]
[www.securecomputation.org/category/news/feed]
[www.securecomputation.org/category/notes.html]
[www.securecomputation.org/images/Huang-Yan-2014-09.html]
[www.securecomputation.org/index248a.html]
[www.securecomputation.org/category/notes/feed]
[www.securecomputation.org/2012/quid-pro-quo-tocols.html]
[www.securecomputation.org/index9469.html]
[www.securecomputation.org/2012/quid-pro-quo-tocols/feed]
[www.securecomputation.org/2011/private-set-intersection.html]
[www.securecomputation.org/2011/private-set-intersection/feed]
[www.securecomputation.org/2011/efficient-secure-computation-with-garbled-circuits.html]
[www.securecomputation.org/2011/efficient-secure-computation-with-garbled-circuits/feed]
[www.securecomputation.org/2011/uva-today-story/feed]
[www.securecomputation.org/wp-logine9da.html]
[www.securecomputation.org/2011/uva-today-story.html]
[www.securecomputation.org/2011/kick-off-meeting/feed]
[www.securecomputation.org/wp-content/uploads/2011/09/IMG_1525.png]
[www.securecomputation.org/2011/kick-off-meeting.html]
[www.securecomputation.org/wp-content/uploads/2011/09/IMG_1525-1024x768.png]
[www.securecomputation.org/2011/kickoff-meeting.html]
[www.securecomputation.org/2011/kickoff-meeting/feed]
[www.securecomputation.org/wp-includes/images/rss.png]
[www.securecomputation.org/kickoff/index.html]
[www.securecomputation.org/2011/garbled-circuits-framework/feed]
[www.securecomputation.org/2011/garbled-circuits-framework.html]
[www.securecomputation.org/indexa6da.html]
[www.securecomputation.org/page/3.html]
[www.securecomputation.org/wp-admin/images/logo-login.png]
[www.securecomputation.org/wp-admin/css/login0696.css]
[www.securecomputation.org/wp-admin/images/bubble_bg.gif]
[www.securecomputation.org/wp-admin/images/white-grad.png]
[www.securecomputation.org/wp-admin/images/white-grad-active.png]
[www.securecomputation.org/wp-admin/images/button-grad.png]
[www.securecomputation.org/wp-admin/images/button-grad-active.png]
[www.securecomputation.org/wp-admin/images/fade-butt.png]
[www.securecomputation.org/wp-admin/images/date-button.gif]
[www.securecomputation.org/wp-admin/images/xit.gif]
[www.securecomputation.org/wp-admin/images/arrows.png]
[www.securecomputation.org/wp-admin/images/arrows-dark.png]
[www.securecomputation.org/wp-admin/images/ed-bg.gif]
[www.securecomputation.org/wp-admin/images/menu-shadow.png]
[www.securecomputation.org/wp-admin/images/menue54f.png]
[www.securecomputation.org/wp-admin/images/icons32e54f.png]
[www.securecomputation.org/wp-admin/images/menu-bits1a0b.gif]
[www.securecomputation.org/wp-admin/images/list.png]
[www.securecomputation.org/wp-admin/css/colors-freshb586.css]
[www.securecomputation.org/wp-loginb53a.html]
[www.securecomputation.org/wp-login83da.html]
[www.securecomputation.org/index0345.html]
[www.securecomputation.org/wp-admin/images/wp-logo8317.png]
[www.securecomputation.org/category/talks.html]
[www.securecomputation.org/index3c55.html]
[www.securecomputation.org/category/talks/feed]
[www.securecomputation.org/author/admin/page/2.html]
[www.securecomputation.org/category/papers/page/2.html]
[www.securecomputation.org/author/admin/page/3.html]
[www.securecomputation.org/index9c49.html]
[www.securecomputation.org/index5070.html]
[www.securecomputation.org/index7737.html]
[www.securecomputation.org/wp-logine9da.html]
[www.securecomputation.org/index30a5.html]
[www.securecomputation.org/index6213.html]
[www.securecomputation.org/index0d0b.html]
[www.securecomputation.org/indexd784.html]
[www.securecomputation.org/index6e0a.html]
[www.securecomputation.org/indexa6da.html]
[www.securecomputation.org/indexc5f6.html]
[www.securecomputation.org/index2a9c.html]
[www.securecomputation.org/indexb9fc.html]
[www.securecomputation.org/indexc4a7.html]
[www.securecomputation.org/index3204.html]
[www.securecomputation.org/index49b1.html]
[www.securecomputation.org/author/admin/page/3.html]
[www.securecomputation.org/author/admin/index.html]
[www.securecomputation.org/category/papers/index.html]
[www.securecomputation.org/author/admin/page/4.html]
[www.securecomputation.org/author/admin/page/4.html]
